---------------------
----- Verbosity -----
---------------------

The Wilkie Memorial Research Wing
The research wing was built onto the science building in 1967, when the college's finances were good but its aesthetic standards at a local minimum. A dull brown corridor recedes both north and south; drab olive doors open onto the laboratories of individual faculty members. The twitchy fluorescent lighting makes the whole thing flicker, as though it might wink out of existence at any moment.

The Men's Restroom is immediately west of this point.