>west

The Men's Restroom
Well, yes, you really shouldn't be in here. But the nearest women's room is on the other side of the building, and at this hour you have the labs mostly to yourself. All the same, you try not to read any of the things scrawled over the urinals which might have been intended in confidence.