--------------------------
----- Slightly Wrong -----
--------------------------

Slightly Wrong Chamber
When you first step into the room, you are bothered by the sense that something is not quite right: perhaps the lighting, perhaps the angle of the walls. A mural on the far wall depicts a woman with a staff, tipped with a pine-cone. She appears to be watching you.