>e

Water Lane
Here Thames Street -- never very straight -- goes steeply southeast for a portion before continuing more directly to the east.

Water Lane runs south toward Queen Street, and facing onto it is the New Prison -- which, in the way of these things, is neither. It did serve in that capacity for a time, and in a measure of the villainy which has been usual in Port Royal from its earliest days, it is nearly the largest building in the town.