------------------------------------------
----- The Unbuttoned Elevator Affair -----
------------------------------------------

UNCLE Headquarters
The steel nerve-center of the free world's battle against the Technological Hierarchy for the Removal of Undesirables and the Subjugation of Humanity. Being against technology, we have only a very simple elevator to the east.