-------------------------------------------------
----- Zork I - The Great Underground Empire -----
-------------------------------------------------
Original by Marc Blank, Dave Lebling, Bruce Daniels, and Tim Anderson.
Copyright (c) 1981-1986 Infocom, Inc. ZIL source released under the MIT License.

Translated to Yaifl by PPK, based on the Inform 7 translation by John Escobedo.

West of House
You are standing in an open field west of a white house, with a boarded front door.

There is a small mailbox here.